#-----------------------------------------------------------
# Vivado v2024.2 (64-bit)
# SW Build 5239630 on Fri Nov 08 22:34:34 MST 2024
# IP Build 5239520 on Sun Nov 10 16:12:51 MST 2024
# SharedData Build 5239561 on Fri Nov 08 14:39:27 MST 2024
# Start of session at: Thu Jul 30 14:33:05 2026
# Process ID         : 31796
# Current directory  : /run/media/amin-maky/LinuxFiles/Prj/CVA6/Cva6SimVerilator/cva6/verif/sim/out_2026-07-30/veri-testharness_sim
# Command line       : vivado
# Log file           : /run/media/amin-maky/LinuxFiles/Prj/CVA6/Cva6SimVerilator/cva6/verif/sim/out_2026-07-30/veri-testharness_sim/vivado.log
# Journal file       : /run/media/amin-maky/LinuxFiles/Prj/CVA6/Cva6SimVerilator/cva6/verif/sim/out_2026-07-30/veri-testharness_sim/vivado.jou
# Running On         : amin-maky-ROG
# Platform           : Ubuntu
# Operating System   : Ubuntu 26.04 LTS
# Processor Detail   : 12th Gen Intel(R) Core(TM) i7-12700H
# CPU Frequency      : 480.408 MHz
# CPU Physical cores : 14
# CPU Logical cores  : 20
# Host memory        : 15865 MB
# Swap memory        : 4294 MB
# Total Virtual      : 20160 MB
# Available Virtual  : 15298 MB
#-----------------------------------------------------------
start_gui
open_project /run/media/amin-maky/LinuxFiles/Prj/CVA6/My32Cva6/My32Cva6.xpr
INFO: [filemgmt 56-3] Default IP Output Path : Could not find the directory '/run/media/amin-maky/LinuxFiles/Prj/CVA6/My32Cva6/My32Cva6.gen/sources_1'.
Scanning sources...
Finished scanning sources
INFO: [IP_Flow 19-234] Refreshing IP repositories
INFO: [IP_Flow 19-1704] No user IP repositories specified
INFO: [IP_Flow 19-2313] Loaded Vivado IP repository '/run/media/amin-maky/Apps/Xilinx/Vivado/2024.2/data/ip'.
update_compile_order -fileset sources_1
